bool bbb;
struct S{
    int a;
};

struct S t;
void f(int p1, bool p2) {
}

void main() {
    int aaa;
    aaa(int) = (f(int,bool->void) + f(int,bool->void));
    bbb(bool) = (f(int,bool->void) == 3);
    bbb(bool) = (f(int,bool->void) > main(->void));
    bbb(bool) = (f(int,bool->void) == f(int,bool->void));
    aaa(int)();
    f(int,bool->void)();
    f(int,bool->void)(5);
    f(int,bool->void)(aaa(int), aaa(int));
    f(int,bool->void)(t(S), t(S).a(int));
    S(struct)();
    t(S) = 5;
    t(S) = t(S);
    cin >> S(struct);
    t(S) = (true || 3);
    bbb(bool) = (S(struct) && t(S).a(int));
    return 10;
    aaa(int) = (aaa(int) + (!false));
    aaa(int) = (aaa(int) + "foo");
    bbb(bool) = aaa(int);
    bbb(bool) = ((aaa(int) + true) && (bbb(bool) < true));
    return 2;
}

void main2() {
}

struct R{
    int a;
};

int nonvoid(int x, bool y) {
    int a;
    bool g;
    struct S s;
    struct S ss;
    struct R r;
    cout << main(->void);
    cout << S(struct);
    cout << s(S);
    cout << main(->void)();
    cin >> main(->void);
    cin >> S(struct);
    cin >> s(S);
    s(S)();
    nonvoid(int,bool->int)();
    nonvoid(int,bool->int)(s(S), (1 + 2));
    return;
    return true;
    if (0) {
        return false;
    }
    while (1) {
        return;
    }
    a(int) = g(bool);
    g(bool) = (main(->void)() == main2(->void)());
    g(bool) = (main(->void) == main2(->void));
    g(bool) = (S(struct) == R(struct));
    g(bool) = (s(S) == ss(S));
    nonvoid(int,bool->int) = main(->void);
    S(struct) = R(struct);
    s(S) = ss(S);
    g(bool)++;
    if ((true + 1)) {
        x(int) = main(->void)();
        main(->void)--;
        g(bool) = (-g(bool));
    }
    else {
        g(bool) = (1 && 2);
        g(bool) = (1 || 2);
        g(bool) = (!2);
        g(bool) = (true <= false);
        g(bool) = (true >= false);
        g(bool) = (true == 1);
    }
}

